[dotenv@17.2.3] injecting env (5) from .env -- tip: ≡ƒöæ add access controls to secrets: https://dotenvx.com/ops
Testing Gemini with prompt: "Hello, who are you?"
node : AI Service Error: 
[GoogleGenerativeAI Error]: 
Error fetching from https://
generativelanguage.googleapi
s.com/v1beta/models/gemini-1
.5-flash:generateContent: 
[404 Not Found] 
models/gemini-1.5-flash is 
not found for API version 
v1beta, or is not supported 
for generateContent. Call 
ListModels to see the list 
of available models and 
their supported methods.
At line:1 char:1
+ node test-gemini.js > 
test_output.txt 2>&1
+ ~~~~~~~~~~~~~~~~~~~~~~~~~~
~~~~~~~~~~~~~~~~
    + CategoryInfo          
    : NotSpecified: (AI Se  
  rvice Erro...ported met   
 hods.:String) [], Remot    
eException
    + FullyQualifiedErrorId 
    : NativeCommandError
 
Test Failed: Error: Failed 
to process request with AI 
service: 
[GoogleGenerativeAI Error]: 
Error fetching from https://
generativelanguage.googleapi
s.com/v1beta/models/gemini-1
.5-flash:generateContent: 
[404 Not Found] 
models/gemini-1.5-flash is 
not found for API version 
v1beta, or is not supported 
for generateContent. Call 
ListModels to see the list 
of available models and 
their supported methods.
    at callLLM 
(E:\Ai-Recruirtment Intellig
ence\backend\services\aiServ
ice.js:31:15)
    at process.processTicksA
ndRejections (node:internal/
process/task_queues:105:5)
    at async testGemini 
(E:\Ai-Recruirtment Intellig
ence\backend\test-gemini.js:
6:26)
